../Drivers/BSP/ST7735/lcd.c:43:6:LCD_Test	48	static
../Drivers/BSP/ST7735/lcd.c:109:6:LCD_SetBrightness	16	static
../Drivers/BSP/ST7735/lcd.c:115:10:LCD_GetBrightness	4	static
../Drivers/BSP/ST7735/lcd.c:122:6:LCD_SoftPWMEnable	16	static
../Drivers/BSP/ST7735/lcd.c:129:9:LCD_SoftPWMIsEnable	4	static
../Drivers/BSP/ST7735/lcd.c:133:6:LCD_SoftPWMCtrlInit	32	static
../Drivers/BSP/ST7735/lcd.c:149:6:LCD_SoftPWMCtrlDeInit	8	static
../Drivers/BSP/ST7735/lcd.c:154:6:LCD_SoftPWMCtrlRun	8	static
../Drivers/BSP/ST7735/lcd.c:169:6:HAL_TIM_PeriodElapsedCallback	16	static
../Drivers/BSP/ST7735/lcd.c:178:6:LCD_Light	48	static
../Drivers/BSP/ST7735/lcd.c:225:6:LCD_ShowChar	128	dynamic
../Drivers/BSP/ST7735/lcd.c:322:6:LCD_ShowString	40	static
../Drivers/BSP/ST7735/lcd.c:342:16:lcd_init	16	static
../Drivers/BSP/ST7735/lcd.c:348:16:lcd_gettick	8	static
../Drivers/BSP/ST7735/lcd.c:352:16:lcd_writereg	32	static
../Drivers/BSP/ST7735/lcd.c:365:16:lcd_readreg	24	static
../Drivers/BSP/ST7735/lcd.c:378:16:lcd_senddata	24	static
../Drivers/BSP/ST7735/lcd.c:388:16:lcd_recvdata	24	static
../Drivers/BSP/ST7735/lcd.c:398:6:LCD_Printf	544	static
../Drivers/BSP/ST7735/lcd.c:408:6:LCD_Clear	24	static
