../Drivers/BSP/ST7735/lcd.c:47:6:LCD_Test	48	static
../Drivers/BSP/ST7735/lcd.c:114:6:LCD_SetBrightness	16	static
../Drivers/BSP/ST7735/lcd.c:121:10:LCD_GetBrightness	4	static
../Drivers/BSP/ST7735/lcd.c:129:6:LCD_SoftPWMEnable	16	static
../Drivers/BSP/ST7735/lcd.c:137:9:LCD_SoftPWMIsEnable	4	static
../Drivers/BSP/ST7735/lcd.c:142:6:LCD_SoftPWMCtrlInit	32	static
../Drivers/BSP/ST7735/lcd.c:159:6:LCD_SoftPWMCtrlDeInit	8	static
../Drivers/BSP/ST7735/lcd.c:165:6:LCD_SoftPWMCtrlRun	8	static
../Drivers/BSP/ST7735/lcd.c:181:6:HAL_TIM_PeriodElapsedCallback	16	static
../Drivers/BSP/ST7735/lcd.c:192:6:LCD_Light	48	static
../Drivers/BSP/ST7735/lcd.c:240:6:LCD_ShowChar	128	dynamic
../Drivers/BSP/ST7735/lcd.c:324:6:LCD_ShowString	40	static
../Drivers/BSP/ST7735/lcd.c:341:16:lcd_init	16	static
../Drivers/BSP/ST7735/lcd.c:348:16:lcd_gettick	8	static
../Drivers/BSP/ST7735/lcd.c:353:16:lcd_writereg	32	static
../Drivers/BSP/ST7735/lcd.c:367:16:lcd_readreg	24	static
../Drivers/BSP/ST7735/lcd.c:381:16:lcd_senddata	24	static
../Drivers/BSP/ST7735/lcd.c:392:16:lcd_recvdata	24	static
