../Drivers/BSP/ST7735/lcd.c:45:6:LCD_Test	48	static
../Drivers/BSP/ST7735/lcd.c:111:6:LCD_SetBrightness	16	static
../Drivers/BSP/ST7735/lcd.c:117:10:LCD_GetBrightness	4	static
../Drivers/BSP/ST7735/lcd.c:124:6:LCD_SoftPWMEnable	16	static
../Drivers/BSP/ST7735/lcd.c:131:9:LCD_SoftPWMIsEnable	4	static
../Drivers/BSP/ST7735/lcd.c:135:6:LCD_SoftPWMCtrlInit	32	static
../Drivers/BSP/ST7735/lcd.c:151:6:LCD_SoftPWMCtrlDeInit	8	static
../Drivers/BSP/ST7735/lcd.c:156:6:LCD_SoftPWMCtrlRun	8	static
../Drivers/BSP/ST7735/lcd.c:171:6:HAL_TIM_PeriodElapsedCallback	16	static
../Drivers/BSP/ST7735/lcd.c:180:6:LCD_Light	48	static
../Drivers/BSP/ST7735/lcd.c:227:6:LCD_ShowChar	128	dynamic
../Drivers/BSP/ST7735/lcd.c:324:6:LCD_ShowString	40	static
../Drivers/BSP/ST7735/lcd.c:344:16:lcd_init	16	static
../Drivers/BSP/ST7735/lcd.c:350:16:lcd_gettick	8	static
../Drivers/BSP/ST7735/lcd.c:354:16:lcd_writereg	32	static
../Drivers/BSP/ST7735/lcd.c:367:16:lcd_readreg	24	static
../Drivers/BSP/ST7735/lcd.c:380:16:lcd_senddata	24	static
../Drivers/BSP/ST7735/lcd.c:390:16:lcd_recvdata	24	static
../Drivers/BSP/ST7735/lcd.c:400:6:LCD_Printf	552	static
../Drivers/BSP/ST7735/lcd.c:416:6:LCD_Clear	24	static
